#total_time_sec	 #time_perGP_perTS_sec
0.84815186 	 5.1767081e-08
